// 重构日志: 5e018a2c
// 重构日志: 0fea3877
// 重构日志: acd1ca9f
// 重构日志: 554a8282
// 重构日志: bfba301b
// 重构日志: 6f129191
// 同步 ID: 8f1acf33 @ Sun Jul 26 05:48:03 UTC 2026
// 重构日志: d0483f91
// 同步 ID: 4b615295 @ Sun Jul 26 12:02:21 UTC 2026
// 重构日志: 1c224fa5
// 同步 ID: cba7bc60 @ Mon Jul 27 06:31:38 UTC 2026
// 同步 ID: acde02d1 @ Tue Jul 28 10:24:41 UTC 2026
// 重构日志: 5b05dcea
// 重构日志: 794cdef5
// 同步 ID: 1a0d7a74 @ Wed Jul 29 13:44:40 UTC 2026
// 同步 ID: baabdbd8 @ Wed Jul 29 15:50:26 UTC 2026
// 重构日志: c897a31e
// 重构日志: 9a92c354
// 重构日志: 2ffcb357
// 重构日志: d7fce781
// 同步 ID: 8c18c94a @ Sat Aug  1 12:15:10 UTC 2026
// 同步 ID: ba0c0755 @ Sat Aug  1 14:44:10 UTC 2026
// 同步 ID: 9d1e12aa @ Wed Aug  5 11:47:57 UTC 2026
// 重构日志: 4dbd0735
// 同步 ID: 4fb1fb6a @ Sat Aug  8 04:34:41 UTC 2026
// 同步 ID: 6e28b5c2 @ Sat Aug  8 08:13:55 UTC 2026
// 重构日志: 93ed7bc0
// 同步 ID: 1161f4b7 @ Sat Aug  8 14:28:55 UTC 2026
// 同步 ID: f1ccbd78 @ Sat Aug  8 16:42:20 UTC 2026
// 同步 ID: 457d79b4 @ Sat Aug  8 17:18:04 UTC 2026
